#! /opt/homebrew/Cellar/icarus-verilog/13.0/bin/vvp
:ivl_version "13.0 (stable)" "(v13_0)";
:ivl_delay_selection "TYPICAL";
:vpi_time_precision + 0;
:vpi_module "/opt/homebrew/Cellar/icarus-verilog/13.0/lib/ivl/system.vpi";
:vpi_module "/opt/homebrew/Cellar/icarus-verilog/13.0/lib/ivl/vhdl_sys.vpi";
:vpi_module "/opt/homebrew/Cellar/icarus-verilog/13.0/lib/ivl/vhdl_textio.vpi";
:vpi_module "/opt/homebrew/Cellar/icarus-verilog/13.0/lib/ivl/v2005_math.vpi";
:vpi_module "/opt/homebrew/Cellar/icarus-verilog/13.0/lib/ivl/va_math.vpi";
:vpi_module "/opt/homebrew/Cellar/icarus-verilog/13.0/lib/ivl/v2009.vpi";
S_0x104f0ac40 .scope package, "$unit" "$unit" 2 1;
 .timescale 0 0;
S_0x104f08b10 .scope module, "tb" "tb" 3 1;
 .timescale 0 0;
P_0x761014000 .param/l "M" 0 3 3, +C4<00000000000000000000000000100000>;
P_0x761014040 .param/l "N" 0 3 2, +C4<00000000000000000000000000000110>;
v0x7604588c0_0 .var "adr", 5 0;
v0x760458960_0 .var "clk", 0 0;
v0x760458a00_0 .var "din", 31 0;
v0x760458aa0_0 .net "dout", 31 0, L_0x104f0ae60;  1 drivers
v0x760458b40_0 .var "we", 0 0;
S_0x104f08c90 .scope module, "uut" "ram" 3 14, 4 1 0, S_0x104f08b10;
 .timescale 0 0;
    .port_info 0 /INPUT 1 "clk";
    .port_info 1 /INPUT 1 "we";
    .port_info 2 /INPUT 6 "adr";
    .port_info 3 /INPUT 32 "din";
    .port_info 4 /OUTPUT 32 "dout";
P_0x761014080 .param/l "M" 0 4 3, +C4<00000000000000000000000000100000>;
P_0x7610140c0 .param/l "N" 0 4 2, +C4<00000000000000000000000000000110>;
L_0x104f0ae60 .functor BUFZ 32, L_0x760458be0, C4<00000000000000000000000000000000>, C4<00000000000000000000000000000000>, C4<00000000000000000000000000000000>;
v0x760458320_0 .net *"_ivl_0", 31 0, L_0x760458be0;  1 drivers
v0x7604583c0_0 .net *"_ivl_2", 7 0, L_0x104f0adc0;  1 drivers
L_0x760854010 .functor BUFT 1, C4<00>, C4<0>, C4<0>, C4<0>;
v0x760458460_0 .net *"_ivl_5", 1 0, L_0x760854010;  1 drivers
v0x760458500_0 .net "adr", 5 0, v0x7604588c0_0;  1 drivers
v0x7604585a0_0 .net "clk", 0 0, v0x760458960_0;  1 drivers
v0x760458640_0 .net "din", 31 0, v0x760458a00_0;  1 drivers
v0x7604586e0_0 .net "dout", 31 0, L_0x104f0ae60;  alias, 1 drivers
v0x760458780 .array "mem", 0 63, 31 0;
v0x760458820_0 .net "we", 0 0, v0x760458b40_0;  1 drivers
E_0x104f107d0 .event posedge, v0x7604585a0_0;
L_0x760458be0 .array/port v0x760458780, L_0x104f0adc0;
L_0x104f0adc0 .concat [ 6 2 0 0], v0x7604588c0_0, L_0x760854010;
    .scope S_0x104f08c90;
T_0 ;
    %wait E_0x104f107d0;
    %load/vec4 v0x760458820_0;
    %flag_set/vec4 8;
    %jmp/0xz  T_0.0, 8;
    %load/vec4 v0x760458640_0;
    %load/vec4 v0x760458500_0;
    %pad/u 8;
    %ix/vec4 3;
    %ix/load 4, 0, 0; Constant delay
    %assign/vec4/a/d v0x760458780, 0, 4;
T_0.0 ;
    %jmp T_0;
    .thread T_0;
    .scope S_0x104f08b10;
T_1 ;
    %pushi/vec4 0, 0, 1;
    %store/vec4 v0x760458960_0, 0, 1;
T_1.0 ;
    %delay 5, 0;
    %load/vec4 v0x760458960_0;
    %inv;
    %store/vec4 v0x760458960_0, 0, 1;
    %jmp T_1.0;
T_1.1 ;
    %end;
    .thread T_1;
    .scope S_0x104f08b10;
T_2 ;
    %vpi_call/w 3 28 "$dumpfile", "wave.vcd" {0 0 0};
    %vpi_call/w 3 29 "$dumpvars", 32'sb00000000000000000000000000000000, S_0x104f08b10 {0 0 0};
    %pushi/vec4 1, 0, 1;
    %store/vec4 v0x760458b40_0, 0, 1;
    %pushi/vec4 0, 0, 6;
    %store/vec4 v0x7604588c0_0, 0, 6;
    %pushi/vec4 3735928559, 0, 32;
    %store/vec4 v0x760458a00_0, 0, 32;
    %delay 10, 0;
    %pushi/vec4 1, 0, 1;
    %store/vec4 v0x760458b40_0, 0, 1;
    %pushi/vec4 1, 0, 6;
    %store/vec4 v0x7604588c0_0, 0, 6;
    %pushi/vec4 3405691582, 0, 32;
    %store/vec4 v0x760458a00_0, 0, 32;
    %delay 10, 0;
    %pushi/vec4 0, 0, 1;
    %store/vec4 v0x760458b40_0, 0, 1;
    %pushi/vec4 0, 0, 6;
    %store/vec4 v0x7604588c0_0, 0, 6;
    %delay 10, 0;
    %pushi/vec4 0, 0, 1;
    %store/vec4 v0x760458b40_0, 0, 1;
    %pushi/vec4 1, 0, 6;
    %store/vec4 v0x7604588c0_0, 0, 6;
    %delay 10, 0;
    %vpi_call/w 3 45 "$finish" {0 0 0};
    %end;
    .thread T_2;
# The file index is used to find the file name in the following table.
:file_names 5;
    "N/A";
    "<interactive>";
    "-";
    "tb_ram.sv";
    "ram.sv";
